#
# The following is the list of Timezone supported by the EM agent.
# This is same as the list of timezones supported by 9.0.1 Oracle database.
#
# The list is grouped by their standard offsets from GMT.
# Within each group, the timezone region names are listed alphabetically.

# +00:00 standard offset from GMT
Atlantic/Reykjavik                                                                                                          
Eire                                                                                                                        
Etc/GMT                                                                                                                     
Etc/GMT+0                                                                                                                   
Etc/GMT-0                                                                                                                   
Etc/GMT0                                                                                                                    
Etc/Greenwich                                                                                                               
Europe/Dublin                                                                                                               
Europe/Lisbon                                                                                                               
Europe/London                                                                                                               
GB                                                                                                                          
GB-Eire                                                                                                                     
GMT                                                                                                                         
GMT+0                                                                                                                       
GMT-0                                                                                                                       
GMT0                                                                                                                        
Greenwich                                                                                                                   
Iceland                                                                                                                     
Portugal                                                                                                                    
WET                                                                                                                         

# +01:00 Offset from GMT
CET                                                                                                                         
Etc/GMT-1                                                                                                                   
Europe/Warsaw                                                                                                               
MET                                                                                                                         
Poland                                                                                                                      

# +02:00 Offset from GMT
Africa/Cairo                                                                                                                
Africa/Tripoli                                                                                                              
Asia/Istanbul                                                                                                               
Asia/Jerusalem                                                                                                              
Asia/Tel_Aviv                                                                                                               
EET                                                                                                                         
Egypt                                                                                                                       
Etc/GMT-2                                                                                                                   
Europe/Istanbul                                                                                                             
Israel                                                                                                                      
Libya                                                                                                                       
Turkey                                                                                                                      

# +03:00 Offset from GMT
Asia/Riyadh                                                                                                                 
Etc/GMT-3                                                                                                                   
Europe/Moscow                                                                                                               
W-SU                                                                                                                        

# +03:30 Offset from GMT
Asia/Tehran                                                                                                                 
Iran                                                                                                                        

# +04:00 Offset from GMT
Etc/GMT-4                                                                                                                   

# +05:00 Offset from GMT
Etc/GMT-5                                                                                                                   

# +05:30 Offset from GMT
Asia/Calcutta                                                                                                               

# +06:00 Offset from GMT
Etc/GMT-6                                                                                                                   

# +07:00 Offset from GMT
Etc/GMT-7                                                                                                                   

# +08:00 Offset from GMT
Asia/Hong_Kong                                                                                                              
Asia/Shanghai                                                                                                               
Asia/Singapore                                                                                                              
Asia/Taipei                                                                                                                 
Australia/Perth                                                                                                             
Australia/West                                                                                                              
Etc/GMT-8                                                                                                                   
Hongkong                                                                                                                    
PRC                                                                                                                         
ROC                                                                                                                         
Singapore                                                                                                                   

# +09:00 Offset from GMT
Asia/Seoul                                                                                                                  
Asia/Tokyo                                                                                                                  
Etc/GMT-9                                                                                                                   
Japan                                                                                                                       
ROK                                                                                                                         

# +09:30 Offset from GMT
Australia/Darwin                                                                                                            
Australia/North                                                                                                             

# +10:00 Offset from GMT
Australia/Brisbane                                                                                                          
Australia/Lindeman                                                                                                          
Australia/Queensland                                                                                                        
Etc/GMT-10                                                                                                                  

# +10:30 Offset from GMT
Australia/Adelaide                                                                                                          
Australia/Broken_Hill                                                                                                       
Australia/South                                                                                                             
Australia/Yancowinna                                                                                                        

# +11:00 Offset from GMT
Australia/ACT                                                                                                               
Australia/Canberra                                                                                                          
Australia/Hobart                                                                                                            
Australia/LHI                                                                                                               
Australia/Lord_Howe                                                                                                         
Australia/Melbourne                                                                                                         
Australia/NSW                                                                                                               
Australia/Sydney                                                                                                            
Australia/Tasmania                                                                                                          
Australia/Victoria                                                                                                          
Etc/GMT-11                                                                                                                  

# +12:00 Offset from GMT
Etc/GMT-12                                                                                                                  
Kwajalein                                                                                                                   
Pacific/Kwajalein                                                                                                           

# +13:00 Offset from GMT
Etc/GMT-13                                                                                                                  
NZ                                                                                                                          
Pacific/Auckland                                                                                                            

# +13:45 Offset from GMT
NZ-CHAT                                                                                                                     
Pacific/Chatham                                                                                                             

# -01:00 Offset from GMT
Etc/GMT+1                                                                                                                   

# -02:00 Offset from GMT
America/Noronha                                                                                                             
America/Sao_Paulo                                                                                                           
Brazil/DeNoronha                                                                                                            
Brazil/East                                                                                                                 
Etc/GMT+2                                                                                                                   

# -03:00 Offset from GMT
America/Santiago                                                                                                            
Chile/Continental                                                                                                           
Etc/GMT+3                                                                                                                   

# -03:30 Offset from GMT
America/St_Johns                                                                                                            
Canada/Newfoundland                                                                                                         

# -04:00 Offset from GMT
America/Halifax                                                                                                             
America/Manaus                                                                                                              
Brazil/West                                                                                                                 
Canada/Atlantic                                                                                                             
Etc/GMT+4                                                                                                                   

# -05:00 Offset from GMT
America/Detroit                                                                                                             
America/Fort_Wayne                                                                                                          
America/Havana                                                                                                              
America/Indiana/Indianapolis                                                                                                
America/Indianapolis                                                                                                        
America/Jamaica                                                                                                             
America/Montreal                                                                                                            
America/New_York                                                                                                            
America/Porto_Acre                                                                                                          
Brazil/Acre                                                                                                                 
Canada/Eastern                                                                                                              
Chile/EasterIsland                                                                                                          
Cuba                                                                                                                        
EST                                                                                                                         
EST5EDT                                                                                                                     
Etc/GMT+5                                                                                                                   
Jamaica                                                                                                                     
Pacific/Easter                                                                                                              
US/East-Indiana                                                                                                             
US/Eastern                                                                                                                  
US/Michigan                                                                                                                 

# -06:00 Offset from GMT
America/Chicago                                                                                                             
America/Mexico_City                                                                                                         
America/Regina                                                                                                              
America/Winnipeg                                                                                                            
CST                                                                                                                         
CST6CDT                                                                                                                     
Canada/Central                                                                                                              
Canada/East-Saskatchewan                                                                                                    
Canada/Saskatchewan                                                                                                         
Etc/GMT+6                                                                                                                   
Mexico/General                                                                                                              
US/Central                                                                                                                  

# -07:00 Offset from GMT
America/Denver                                                                                                              
America/Edmonton                                                                                                            
America/Mazatlan                                                                                                            
America/Phoenix                                                                                                             
America/Shiprock                                                                                                            
Canada/Mountain                                                                                                             
Etc/GMT+7                                                                                                                   
MST                                                                                                                         
MST7MDT                                                                                                                     
Mexico/BajaSur                                                                                                              
Navajo                                                                                                                      
US/Arizona                                                                                                                  
US/Mountain                                                                                                                 

# -08:00 Offset from GMT
America/Ensenada                                                                                                            
America/Los_Angeles                                                                                                         
America/Tijuana                                                                                                             
America/Vancouver                                                                                                           
America/Whitehorse                                                                                                          
Canada/Pacific                                                                                                              
Canada/Yukon                                                                                                                
Etc/GMT+8                                                                                                                   
Mexico/BajaNorte                                                                                                            
PST                                                                                                                         
PST8PDT                                                                                                                     
US/Pacific                                                                                                                  
US/Pacific-New                                                                                                              

# -09:00 Offset from GMT
America/Anchorage                                                                                                           
Etc/GMT+9                                                                                                                   
US/Alaska                                                                                                                   

# -10:00 Offset from GMT
America/Adak                                                                                                                
America/Atka                                                                                                                
Etc/GMT+10                                                                                                                  
HST                                                                                                                         
Pacific/Honolulu                                                                                                            
US/Aleutian                                                                                                                 
US/Hawaii                                                                                                                   

# -11:00 Offset from GMT
Etc/GMT+11                                                                                                                  
Pacific/Pago_Pago                                                                                                           
Pacific/Samoa                                                                                                               
US/Samoa                                                                                                                    

# -12:00 Offset from GMT
Etc/GMT+12                                                                                                                  
