#
# The following is the list of Timezone supported by the EM agent.
# This is same as the list of timezones supported by 10g Oracle database.
#
# The timezones region are listed in groups, grouped by their standard offsets from GMT.
# Within each group, the timezone region names are listed alphabetically.
# Some of these timezones may not work without the repository being patched.

# Timezone regions with +00:00 standard offset from GMT
Africa/Casablanca
Africa/Freetown
Africa/Nouakchott
Atlantic/Canary
Atlantic/Faeroe
Atlantic/Madeira
Atlantic/Reykjavik
Atlantic/St_Helena
Eire
Etc/GMT
Etc/GMT+0
Etc/GMT-0
Etc/GMT0
Etc/Greenwich
Europe/Belfast
Europe/Dublin
Europe/Lisbon
Europe/London
GB
GB-Eire
GMT
GMT+0
GMT-0
GMT0
Greenwich
Iceland
Portugal
#deprecated UTC
WET

#Additions in tz refresh#5
Africa/Abidjan
Africa/Accra
Africa/Bamako

# Timezone regions with +01:00 standard offset from GMT
Africa/Algiers
Africa/Ceuta
Africa/Tunis
Arctic/Longyearbyen
CET
Etc/GMT-1
Europe/Amsterdam
Europe/Belgrade
Europe/Berlin
Europe/Bratislava
Europe/Brussels
Europe/Budapest
Europe/Copenhagen
Europe/Gibraltar
Europe/Ljubljana
Europe/Luxembourg
Europe/Madrid
Europe/Monaco
Europe/Oslo
Europe/Paris
Europe/Prague
Europe/Rome
Europe/San_Marino
Europe/Sarajevo
Europe/Skopje
Europe/Stockholm
Europe/Tirane
Europe/Vatican
Europe/Vienna
Europe/Warsaw
Europe/Zagreb
Europe/Zurich
MET
Poland

#Additions in tz refresh#4
Europe/Podgorica

#Additions in tz refresh#5
Africa/Bangui
Africa/Brazzaville
Africa/Douala
Africa/Kinshasa
Africa/Lagos
Africa/Libreville
Africa/Luanda
Africa/Malabo
Africa/Ndjamena
Africa/Niamey
Africa/Porto-Novo
Europe/Andorra
Europe/Malta
Europe/Vaduz

# Timezone regions with +02:00 standard offset from GMT
Africa/Cairo
Africa/Johannesburg
Africa/Khartoum
Africa/Tripoli
Africa/Windhoek
Asia/Beirut
Asia/Damascus
Asia/Gaza
Asia/Istanbul
Asia/Jerusalem
Asia/Nicosia
Asia/Tel_Aviv
EET
Egypt
Etc/GMT-2
Europe/Athens
Europe/Bucharest
Europe/Helsinki
Europe/Istanbul
Europe/Kaliningrad
Europe/Kiev
Europe/Minsk
Europe/Riga
Europe/Simferopol
Europe/Sofia
Europe/Tallinn
Europe/Vilnius
Israel
Libya
Turkey

#Additions in tz refresh#5
Africa/Blantyre
Africa/Bujumbura
Africa/Gaborone
Africa/Harare
Africa/Kigali
Africa/Lubumbashi
Africa/Lusaka
Africa/Maputo
Africa/Maseru
Africa/Mbabane
Europe/Chisinau
Europe/Tiraspol

# Timezone regions with +03:00 standard offset from GMT
Africa/Djibouti
Africa/Mogadishu
Africa/Nairobi
Asia/Aden
Asia/Amman
Asia/Baghdad
Asia/Bahrain
Asia/Kuwait
Asia/Qatar
Asia/Riyadh
Etc/GMT-3
Europe/Moscow
Indian/Mayotte
W-SU

#Additions in tz refresh#4
Europe/Volgograd

#Additions in tz refresh#5
Africa/Addis_Ababa
Africa/Asmara
Africa/Asmera
Africa/Dar_es_Salaam
Africa/Kampala
Antarctica/Syowa
Indian/Antananarivo
Indian/Comoro

# Timezone regions with +03:30 standard offset from GMT
Asia/Tehran
Iran

# Timezone regions with +04:00 standard offset from GMT
Asia/Aqtau
Asia/Baku
Asia/Dubai
Asia/Muscat
Asia/Tbilisi
Asia/Yerevan
Etc/GMT-4
Europe/Samara
Indian/Reunion

#Additions in tz refresh#5
Indian/Mahe
Indian/Mauritius

# Timezone regions with +04:30 standard offset from GMT
Asia/Kabul

# Timezone regions with +05:00 standard offset from GMT
Asia/Aqtobe
Asia/Bishkek
Asia/Karachi
Asia/Tashkent
Asia/Yekaterinburg
Etc/GMT-5
Indian/Chagos

#Additions in tz refresh#5
Asia/Ashgabat
Asia/Ashkhabad
Asia/Dushanbe
Asia/Samarkand
Indian/Kerguelen
Indian/Maldives

# Timezone regions with +05:30 standard offset from GMT
Asia/Calcutta

# Timezone regions with +05:45 standard offset from GMT
#Additions in tz refresh#5
Asia/Katmandu

# Timezone regions with +06:00 standard offset from GMT
Asia/Almaty
Asia/Dacca
Asia/Novosibirsk
Asia/Omsk
Etc/GMT-6

#Additions in tz refresh#5
Antarctica/Mawson
Asia/Thimbu
Asia/Thimphu

# Timezone regions with +06:30 standard offset from GMT
Asia/Rangoon
Indian/Cocos

# Timezone regions with +07:00 standard offset from GMT
Asia/Bangkok
Asia/Jakarta
Asia/Krasnoyarsk
Asia/Saigon
Etc/GMT-7
Indian/Christmas

#Additions in tz refresh#5
Antarctica/Davis
Asia/Hovd
Asia/Phnom_Penh
Asia/Vientiane

# Timezone regions with +08:00 standard offset from GMT
Asia/Chungking
Asia/Harbin
Asia/Hong_Kong
Asia/Irkutsk
Asia/Kashgar
Asia/Kuala_Lumpur
Asia/Kuching
Asia/Macao
Asia/Manila
Asia/Shanghai
Asia/Singapore
Asia/Taipei
Asia/Ujung_Pandang
Asia/Urumqi
Australia/Perth
Australia/West
Etc/GMT-8
Hongkong
PRC
ROC
Singapore

#Additions in tz refresh#5
Antarctica/Casey
Asia/Brunei
Asia/Ulaanbaatar
Asia/Ulan_Bator

# Timezone regions with +09:00 standard offset from GMT
Asia/Jayapura
Asia/Seoul
Asia/Tokyo
Asia/Yakutsk
Etc/GMT-9
Japan
ROK

#Additions in tz refresh#5
Asia/Choibalsan
Asia/Dili
Asia/Pyongyang
Pacific/Palau

# Timezone regions with +09:30 standard offset from GMT
Australia/Darwin
Australia/North

# Timezone regions with +10:00 standard offset from GMT
Asia/Vladivostok
Australia/Brisbane
Australia/Lindeman
Australia/Queensland
Etc/GMT-10
Pacific/Guam
Pacific/Saipan

#Additions in tz refresh#5
Antarctica/DumontDUrville
Pacific/Port_Moresby
Pacific/Truk
Pacific/Yap

# Timezone regions with +10:30 standard offset from GMT
Australia/Adelaide
Australia/Broken_Hill
Australia/South
Australia/Yancowinna

# Timezone regions with +11:00 standard offset from GMT
Asia/Magadan
Australia/ACT
Australia/Canberra
Australia/Hobart
Australia/LHI
Australia/Lord_Howe
Australia/Melbourne
Australia/NSW
Australia/Sydney
Australia/Tasmania
Australia/Victoria
Etc/GMT-11
Pacific/Noumea

#Additions in tz refresh#5
Pacific/Efate
Pacific/Guadalcanal
Pacific/Kosrae
Pacific/Ponape

# Timezone regions with +11:30 standard offset from GMT
Pacific/Norfolk

# Timezone regions with +12:00 standard offset from GMT
Asia/Kamchatka
Etc/GMT-12
Kwajalein
Pacific/Kwajalein
Pacific/Wake
Pacific/Wallis

#Additions in tz refresh#5
Pacific/Funafuti
Pacific/Majuro
Pacific/Nauru
Pacific/Tarawa

# Timezone regions with +13:00 standard offset from GMT
Asia/Anadyr
Etc/GMT-13
NZ
Pacific/Auckland
Pacific/Fiji

#Additions in tz refresh#5
Antarctica/McMurdo
Antarctica/South_Pole
Pacific/Enderbury

# Timezone regions with +13:45 standard offset from GMT
NZ-CHAT
Pacific/Chatham

# Timezone regions with +14:00 standard offset from GMT
#Additions in tz refresh#2
Etc/GMT-14

# Timezone regions with -00:00 standard offset from GMT
#Additions in tz refresh#4
Europe/Guernsey
Europe/Isle_of_Man
Europe/Jersey

#Additions in tz refresh#5
Africa/Banjul
Africa/Bissau
Africa/Conakry
Africa/Dakar
Africa/El_Aaiun
Africa/Lome
Africa/Monrovia
Africa/Ouagadougou
Africa/Sao_Tome
Africa/Timbuktu
Atlantic/Faroe

# Timezone regions with -01:00 standard offset from GMT
America/Scoresbysund
Atlantic/Azores
Etc/GMT+1

#Additions in tz refresh#5
Atlantic/Cape_Verde

# Timezone regions with -02:00 standard offset from GMT
America/Araguaina
America/Fortaleza
America/Maceio
America/Noronha
America/Sao_Paulo
Brazil/DeNoronha
Brazil/East
Etc/GMT+2

#Additions in tz refresh#5
America/Argentina/Catamarca
America/Argentina/Cordoba
America/Argentina/Jujuy
America/Argentina/Mendoza
America/Catamarca
America/Cordoba
America/Jujuy
America/Mendoza
America/Rosario
Atlantic/South_Georgia

# Timezone regions with -03:00 standard offset from GMT
America/Asuncion
America/Belem
America/Boa_Vista
America/Buenos_Aires
America/Cayenne
America/Cuiaba
America/Godthab
America/Miquelon
America/Montevideo
America/Santiago
Atlantic/Stanley
Chile/Continental
Etc/GMT+3

#Additions in tz refresh#5
America/Paramaribo
Antarctica/Palmer

# Timezone regions with -03:30 standard offset from GMT
America/St_Johns
Canada/Newfoundland

# Timezone regions with -04:00 standard offset from GMT
America/Anguilla
America/Caracas
America/Curacao
America/Goose_Bay
America/Guadeloupe
America/Halifax
America/La_Paz
America/Manaus
America/Martinique
America/Montserrat
America/Porto_Velho
America/Puerto_Rico
America/St_Thomas
America/Thule
America/Tortola
America/Virgin
Atlantic/Bermuda
Brazil/West
Canada/Atlantic
Etc/GMT+4

#Additions in tz refresh#5
America/Antigua
America/Barbados
America/Dominica
America/Glace_Bay
America/Grenada
America/Guyana
America/Port_of_Spain
America/Santo_Domingo
America/St_Kitts
America/St_Lucia
America/St_Vincent

# Timezone regions with -05:00 standard offset from GMT
America/Bogota
America/Cayman
America/Detroit
America/Fort_Wayne
America/Grand_Turk
America/Guayaquil
America/Havana
America/Indianapolis
America/Indiana/Indianapolis
America/Indiana/Knox
America/Indiana/Marengo
America/Indiana/Vevay
America/Jamaica
America/Knox_IN
America/Lima
America/Louisville
America/Montreal
America/New_York
America/Panama
America/Thunder_Bay
America/Porto_Acre
Brazil/Acre
Canada/Eastern
Chile/EasterIsland
Cuba
EST
EST5EDT
Etc/GMT+5
Jamaica
Pacific/Easter
US/East-Indiana
US/Eastern
US/Indiana-Starke
US/Michigan

#Additions in tz refresh#3
America/Indiana/Vincennes
America/Indiana/Petersburg

#Additions in tz refresh#5
America/Nassau
America/Nipigon
America/Pangnirtung
America/Port-au-Prince

# Timezone regions with -06:00 standard offset from GMT
America/Cambridge_Bay
America/Cancun
America/Chicago
America/Costa_Rica
America/El_Salvador
America/Guatemala
America/Iqaluit
America/Managua
America/Mexico_City
America/Rankin_Inlet
America/Regina
America/Swift_Current
America/Tegucigalpa
America/Winnipeg
CST
CST6CDT
Canada/Central
Canada/East-Saskatchewan
Canada/Saskatchewan
Etc/GMT+6
Mexico/General
US/Central

#Additions in tz refresh#5
America/Belize
America/Menominee
America/Rainy_River
Pacific/Galapagos

# Timezone regions with -07:00 standard offset from GMT
America/Boise
America/Chihuahua
America/Dawson_Creek
America/Denver
America/Edmonton
America/Inuvik
America/Mazatlan
America/Phoenix
America/Shiprock
America/Yellowknife
Canada/Mountain
Etc/GMT+7
MST
MST7MDT
Mexico/BajaSur
Navajo
US/Arizona
US/Mountain

# Timezone regions with -08:00 standard offset from GMT
America/Dawson
America/Ensenada
America/Los_Angeles
America/Tijuana
America/Vancouver
America/Whitehorse
Canada/Pacific
Canada/Yukon
Etc/GMT+8
Mexico/BajaNorte
PST
PST8PDT
US/Pacific
US/Pacific-New

# Timezone regions with -08:30 standard offset from GMT
Pacific/Pitcairn

# Timezone regions with -09:00 standard offset from GMT
America/Anchorage
America/Juneau
America/Nome
Etc/GMT+9
Pacific/Gambier
US/Alaska

#Additions in tz refresh#5
America/Yakutat

# Timezone regions with -09:30 standard offset from GMT
Pacific/Marquesas

# Timezone regions with -10:00 standard offset from GMT
America/Adak
America/Atka
Etc/GMT+10
HST
Pacific/Fakaofo
Pacific/Honolulu
Pacific/Johnston
Pacific/Rarotonga
Pacific/Tahiti
US/Aleutian
US/Hawaii

# Timezone regions with -11:00 standard offset from GMT
Etc/GMT+11
Pacific/Midway
Pacific/Niue
Pacific/Pago_Pago
Pacific/Samoa
US/Samoa

#Additions in tz refresh#5
Pacific/Apia

# Timezone regions with -12:00 standard offset from GMT
# -12:00 Offset from GMT
Etc/GMT+12

