#Timezone mappings
#Adding special case UTC not supported by 9.2 db - update 11/08/06
UTC=GMT
#Generated on Thu Dec 18 14:24:13 PST 2003
Pacific/Apia=Pacific/Midway
America/Yakutat=America/Anchorage
America/Menominee=America/Chicago
America/Rainy_River=America/Cambridge_Bay
Pacific/Galapagos=America/Managua
America/Nipigon=America/Thunder_Bay
America/Pangnirtung=America/Cambridge_Bay
America/Antigua=America/Anguilla
America/Aruba=America/Anguilla
America/Dominica=America/Anguilla
America/Glace_Bay=America/Halifax
America/Grenada=America/Anguilla
America/Guyana=America/Anguilla
America/Port_of_Spain=America/Anguilla
America/Santo_Domingo=America/Anguilla
America/St_Kitts=America/Anguilla
America/St_Lucia=America/Anguilla
America/St_Vincent=America/Anguilla
America/Catamarca=America/Belem
America/Cordoba=America/Belem
America/Jujuy=America/Belem
America/Mendoza=America/Belem
America/Paramaribo=America/Belem
America/Rosario=America/Belem
Atlantic/South_Georgia=America/Noronha
Africa/Abidjan=Africa/Casablanca
Africa/Bamako=Africa/Casablanca
Africa/Banjul=Africa/Casablanca
Africa/Bissau=Africa/Casablanca
Africa/Conakry=Africa/Casablanca
Africa/Dakar=Africa/Casablanca
Africa/El_Aaiun=Africa/Casablanca
Africa/Lome=Africa/Casablanca
Africa/Monrovia=Africa/Casablanca
Africa/Ouagadougou=Africa/Casablanca
Africa/Sao_Tome=Africa/Casablanca
Africa/Timbuktu=Africa/Casablanca
Africa/Bangui=Africa/Algiers
Africa/Brazzaville=Africa/Algiers
Africa/Douala=Africa/Algiers
Africa/Kinshasa=Africa/Algiers
Africa/Lagos=Africa/Algiers
Africa/Libreville=Africa/Algiers
Africa/Luanda=Africa/Algiers
Africa/Malabo=Africa/Algiers
Africa/Ndjamena=Africa/Algiers
Africa/Niamey=Africa/Algiers
Africa/Porto-Novo=Africa/Algiers
Europe/Andorra=Africa/Ceuta
Europe/Malta=Africa/Ceuta
Europe/Vaduz=Africa/Ceuta
Africa/Blantyre=Africa/Tripoli
Africa/Bujumbura=Africa/Tripoli
Africa/Gaborone=Africa/Tripoli
Africa/Harare=Africa/Tripoli
Africa/Kigali=Africa/Tripoli
Africa/Lubumbashi=Africa/Tripoli
Africa/Lusaka=Africa/Tripoli
Africa/Maputo=Africa/Tripoli
Africa/Maseru=Africa/Tripoli
Africa/Mbabane=Africa/Tripoli
Europe/Chisinau=EET
Africa/Addis_Ababa=Africa/Djibouti
Africa/Asmera=Africa/Djibouti
Africa/Dar_es_Salaam=Africa/Djibouti
Africa/Kampala=Africa/Djibouti
Antarctica/Syowa=Africa/Djibouti
Indian/Antananarivo=Africa/Djibouti
Indian/Comoro=Africa/Djibouti
Indian/Mahe=Asia/Dubai
Indian/Mauritius=Asia/Dubai
Asia/Ashkhabad=Asia/Karachi
Asia/Dushanbe=Asia/Karachi
Asia/Samarkand=Asia/Karachi
Indian/Kerguelen=Asia/Karachi
Indian/Maldives=Asia/Karachi
Antarctica/Mawson=Asia/Dacca
Asia/Colombo=Asia/Dacca
Asia/Thimbu=Asia/Dacca
Antarctica/Davis=Asia/Bangkok
Asia/Phnom_Penh=Asia/Bangkok
Asia/Vientiane=Asia/Bangkok
Antarctica/Casey=Asia/Kuala_Lumpur
Asia/Brunei=Asia/Kuala_Lumpur
Asia/Dili=Asia/Kuala_Lumpur
Asia/Pyongyang=Asia/Jayapura
Pacific/Palau=Asia/Jayapura
Antarctica/DumontDUrville=Pacific/Guam
Pacific/Port_Moresby=Pacific/Guam
Pacific/Truk=Pacific/Guam
Pacific/Yap=Pacific/Guam
Pacific/Funafuti=Pacific/Kwajalein
Pacific/Majuro=Pacific/Kwajalein
Pacific/Nauru=Pacific/Kwajalein
Pacific/Tarawa=Pacific/Kwajalein
